Archive member included because of file (symbol)

c:/program files/bin/../lib/gcc/avr/4.3.3/avr5\libgcc.a(_divmodhi4.o)
                              Interpreter.o (__divmodhi4)
c:/program files/bin/../lib/gcc/avr/4.3.3/avr5\libgcc.a(_exit.o)
                              c:/program files/bin/../lib/gcc/avr/4.3.3/../../../../avr/lib/avr5/crtm32.o (exit)
c:/program files/bin/../lib/gcc/avr/4.3.3/avr5\libgcc.a(_copy_data.o)
                              Hex_Edit.o (__do_copy_data)
c:/program files/bin/../lib/gcc/avr/4.3.3/avr5\libgcc.a(_clear_bss.o)
                              Hex_Edit.o (__do_clear_bss)
c:/program files/bin/../lib/gcc/avr/4.3.3/avr5\libgcc.a(_fixunssfsi.o)
                              Interpreter.o (__fixunssfsi)
c:/program files/bin/../lib/gcc/avr/4.3.3/avr5\libgcc.a(_addsub_sf.o)
                              c:/program files/bin/../lib/gcc/avr/4.3.3/avr5\libgcc.a(_fixunssfsi.o) (__subsf3)
c:/program files/bin/../lib/gcc/avr/4.3.3/avr5\libgcc.a(_mul_sf.o)
                              Interpreter.o (__mulsf3)
c:/program files/bin/../lib/gcc/avr/4.3.3/avr5\libgcc.a(_gt_sf.o)
                              Interpreter.o (__gtsf2)
c:/program files/bin/../lib/gcc/avr/4.3.3/avr5\libgcc.a(_ge_sf.o)
                              c:/program files/bin/../lib/gcc/avr/4.3.3/avr5\libgcc.a(_fixunssfsi.o) (__gesf2)
c:/program files/bin/../lib/gcc/avr/4.3.3/avr5\libgcc.a(_lt_sf.o)
                              Interpreter.o (__ltsf2)
c:/program files/bin/../lib/gcc/avr/4.3.3/avr5\libgcc.a(_si_to_sf.o)
                              Interpreter.o (__floatsisf)
c:/program files/bin/../lib/gcc/avr/4.3.3/avr5\libgcc.a(_sf_to_si.o)
                              c:/program files/bin/../lib/gcc/avr/4.3.3/avr5\libgcc.a(_fixunssfsi.o) (__fixsfsi)
c:/program files/bin/../lib/gcc/avr/4.3.3/avr5\libgcc.a(_thenan_sf.o)
                              c:/program files/bin/../lib/gcc/avr/4.3.3/avr5\libgcc.a(_addsub_sf.o) (__thenan_sf)
c:/program files/bin/../lib/gcc/avr/4.3.3/avr5\libgcc.a(_udivmodhi4.o)
                              c:/program files/bin/../lib/gcc/avr/4.3.3/avr5\libgcc.a(_divmodhi4.o) (__udivmodhi4)
c:/program files/bin/../lib/gcc/avr/4.3.3/avr5\libgcc.a(_prologue.o)
                              c:/program files/bin/../lib/gcc/avr/4.3.3/avr5\libgcc.a(_addsub_sf.o) (__prologue_saves__)
c:/program files/bin/../lib/gcc/avr/4.3.3/avr5\libgcc.a(_epilogue.o)
                              c:/program files/bin/../lib/gcc/avr/4.3.3/avr5\libgcc.a(_addsub_sf.o) (__epilogue_restores__)
c:/program files/bin/../lib/gcc/avr/4.3.3/avr5\libgcc.a(_clzsi2.o)
                              c:/program files/bin/../lib/gcc/avr/4.3.3/avr5\libgcc.a(_si_to_sf.o) (__clzsi2)
c:/program files/bin/../lib/gcc/avr/4.3.3/avr5\libgcc.a(_pack_sf.o)
                              c:/program files/bin/../lib/gcc/avr/4.3.3/avr5\libgcc.a(_addsub_sf.o) (__pack_f)
c:/program files/bin/../lib/gcc/avr/4.3.3/avr5\libgcc.a(_unpack_sf.o)
                              c:/program files/bin/../lib/gcc/avr/4.3.3/avr5\libgcc.a(_addsub_sf.o) (__unpack_f)
c:/program files/bin/../lib/gcc/avr/4.3.3/avr5\libgcc.a(_fpcmp_parts_sf.o)
                              c:/program files/bin/../lib/gcc/avr/4.3.3/avr5\libgcc.a(_gt_sf.o) (__fpcmp_parts_f)
c:/program files/bin/../lib/gcc/avr/4.3.3/avr5\libgcc.a(_clz.o)
                              c:/program files/bin/../lib/gcc/avr/4.3.3/avr5\libgcc.a(_clzsi2.o) (__clz_tab)

Allocating common symbols
Common symbol       size              file

text_shadow         0x54              Nokia3310.o
program             0x40              main.o
render_pos          0x2               Hex_Edit.o
position            0x2               Hex_Edit.o
length              0x2               Hex_Edit.o
command             0x20              main.o
buffer              0x20              Serial.o
mem                 0x2               Hex_Edit.o
variables           0x34              Interpreter.o
write_ptr           0x2               Serial.o
read_ptr            0x2               Serial.o

Memory Configuration

Name             Origin             Length             Attributes
text             0x00000000         0x00020000         xr
data             0x00800060         0x0000ffa0         rw !x
eeprom           0x00810000         0x00010000         rw !x
fuse             0x00820000         0x00000400         rw !x
lock             0x00830000         0x00000400         rw !x
signature        0x00840000         0x00000400         rw !x
*default*        0x00000000         0xffffffff

Linker script and memory map

LOAD c:/program files/bin/../lib/gcc/avr/4.3.3/../../../../avr/lib/avr5/crtm32.o
LOAD Editor.o
LOAD GKeyboard.o
LOAD Hex_Edit.o
LOAD Interpreter.o
LOAD main.o
LOAD Nokia3310.o
LOAD Serial.o
LOAD VDIP.o
LOAD c:/program files/bin/../lib/gcc/avr/4.3.3/avr5\libgcc.a
LOAD c:/program files/bin/../lib/gcc/avr/4.3.3/../../../../avr/lib/avr5\libc.a
LOAD c:/program files/bin/../lib/gcc/avr/4.3.3/avr5\libgcc.a

.hash
 *(.hash)

.dynsym
 *(.dynsym)

.dynstr
 *(.dynstr)

.gnu.version
 *(.gnu.version)

.gnu.version_d
 *(.gnu.version_d)

.gnu.version_r
 *(.gnu.version_r)

.rel.init
 *(.rel.init)

.rela.init
 *(.rela.init)

.rel.text
 *(.rel.text)
 *(.rel.text.*)
 *(.rel.gnu.linkonce.t*)

.rela.text
 *(.rela.text)
 *(.rela.text.*)
 *(.rela.gnu.linkonce.t*)

.rel.fini
 *(.rel.fini)

.rela.fini
 *(.rela.fini)

.rel.rodata
 *(.rel.rodata)
 *(.rel.rodata.*)
 *(.rel.gnu.linkonce.r*)

.rela.rodata
 *(.rela.rodata)
 *(.rela.rodata.*)
 *(.rela.gnu.linkonce.r*)

.rel.data
 *(.rel.data)
 *(.rel.data.*)
 *(.rel.gnu.linkonce.d*)

.rela.data
 *(.rela.data)
 *(.rela.data.*)
 *(.rela.gnu.linkonce.d*)

.rel.ctors
 *(.rel.ctors)

.rela.ctors
 *(.rela.ctors)

.rel.dtors
 *(.rel.dtors)

.rela.dtors
 *(.rela.dtors)

.rel.got
 *(.rel.got)

.rela.got
 *(.rela.got)

.rel.bss
 *(.rel.bss)

.rela.bss
 *(.rela.bss)

.rel.plt
 *(.rel.plt)

.rela.plt
 *(.rela.plt)

.text           0x00000000     0x2e08
 *(.vectors)
 .vectors       0x00000000       0x54 c:/program files/bin/../lib/gcc/avr/4.3.3/../../../../avr/lib/avr5/crtm32.o
                0x00000000                __vectors
                0x00000000                __vector_default
 *(.vectors)
 *(.progmem.gcc*)
 *(.progmem*)
 .progmem.data  0x00000054       0x16 main.o
                0x0000005b                CMD_CLEAR
                0x00000061                CMD_RUN
                0x00000054                CMD_REBOOT
                0x00000065                CMD_EDITOR
 .progmem.data  0x0000006a     0x1211 Nokia3310.o
                0x0000102a                font
                0x0000126a                HEX_TABLE
                0x0000006a                logo
                0x0000127c                . = ALIGN (0x2)
 *fill*         0x0000127b        0x1 00
                0x0000127c                __trampolines_start = .
 *(.trampolines)
 .trampolines   0x0000127c        0x0 linker stubs
 *(.trampolines*)
                0x0000127c                __trampolines_end = .
 *(.jumptables)
 *(.jumptables*)
 *(.lowtext)
 *(.lowtext*)
                0x0000127c                __ctors_start = .
 *(.ctors)
                0x0000127c                __ctors_end = .
                0x0000127c                __dtors_start = .
 *(.dtors)
                0x0000127c                __dtors_end = .
 SORT(*)(.ctors)
 SORT(*)(.dtors)
 *(.init0)
 .init0         0x0000127c        0x0 c:/program files/bin/../lib/gcc/avr/4.3.3/../../../../avr/lib/avr5/crtm32.o
                0x0000127c                __init
 *(.init0)
 *(.init1)
 *(.init1)
 *(.init2)
 .init2         0x0000127c        0xc c:/program files/bin/../lib/gcc/avr/4.3.3/../../../../avr/lib/avr5/crtm32.o
 *(.init2)
 *(.init3)
 *(.init3)
 *(.init4)
 .init4         0x00001288       0x16 c:/program files/bin/../lib/gcc/avr/4.3.3/avr5\libgcc.a(_copy_data.o)
                0x00001288                __do_copy_data
 .init4         0x0000129e       0x10 c:/program files/bin/../lib/gcc/avr/4.3.3/avr5\libgcc.a(_clear_bss.o)
                0x0000129e                __do_clear_bss
 *(.init4)
 *(.init5)
 *(.init5)
 *(.init6)
 *(.init6)
 *(.init7)
 *(.init7)
 *(.init8)
 *(.init8)
 *(.init9)
 .init9         0x000012ae        0x8 c:/program files/bin/../lib/gcc/avr/4.3.3/../../../../avr/lib/avr5/crtm32.o
 *(.init9)
 *(.text)
 .text          0x000012b6        0x4 c:/program files/bin/../lib/gcc/avr/4.3.3/../../../../avr/lib/avr5/crtm32.o
                0x000012b6                __vector_1
                0x000012b6                __vector_12
                0x000012b6                __bad_interrupt
                0x000012b6                __vector_6
                0x000012b6                __vector_3
                0x000012b6                __vector_11
                0x000012b6                __vector_17
                0x000012b6                __vector_19
                0x000012b6                __vector_7
                0x000012b6                __vector_5
                0x000012b6                __vector_4
                0x000012b6                __vector_9
                0x000012b6                __vector_2
                0x000012b6                __vector_15
                0x000012b6                __vector_8
                0x000012b6                __vector_14
                0x000012b6                __vector_10
                0x000012b6                __vector_16
                0x000012b6                __vector_18
                0x000012b6                __vector_20
 .text          0x000012ba        0x0 Editor.o
 .text          0x000012ba       0x14 GKeyboard.o
                0x000012ba                key_get_key
 .text          0x000012ce      0x22e Hex_Edit.o
                0x000012ce                input_hex
                0x00001424                hex_edit_run
                0x000013b2                render
 .text          0x000014fc      0x53c Interpreter.o
                0x000014fc                bas_run
 .text          0x00001a38      0x1d0 main.o
                0x00001b1c                boot
                0x00001b4c                parse_command
                0x00001a38                str_cmp
                0x00001bf4                main
                0x00001a68                get_command
 .text          0x00001c08      0x3e6 Nokia3310.o
                0x00001e9e                screen_clear
                0x00001f82                screen_print_hex
                0x00001c70                write_command
                0x00001fbc                screen_print_string
                0x00001eec                screen_scrollup
                0x00001de4                screen_draw_char
                0x00001d1e                screen_draw_inverted_char
                0x00001c32                screen_set_pos
                0x00001f34                screen_print_char
                0x00001c2c                screen_get_x
                0x00001fd6                screen_newline
                0x00001cf6                screen_draw_bitmap
                0x00001cd2                write_data
                0x00001cde                set_pos
                0x00001c3c                spi_write
                0x00001c1a                screen_backspace
                0x00001c08                screen_clear_shadow
                0x00001c7c                screen_initialize
                0x00001c26                screen_get_y
 .text          0x00001fee      0x14c Serial.o
                0x0000202e                uart_available
                0x000020e4                __vector_13
                0x00002000                uart_tx
                0x00001fee                uart_init
                0x0000208a                uart_write_buff
                0x0000201c                uart_flush
                0x0000204c                uart_read_buff
                0x00002008                uart_tx_str
 .text          0x0000213a        0x0 VDIP.o
 .text          0x0000213a        0x0 c:/program files/bin/../lib/gcc/avr/4.3.3/avr5\libgcc.a(_divmodhi4.o)
 .text          0x0000213a        0x0 c:/program files/bin/../lib/gcc/avr/4.3.3/avr5\libgcc.a(_exit.o)
 .text          0x0000213a        0x0 c:/program files/bin/../lib/gcc/avr/4.3.3/avr5\libgcc.a(_copy_data.o)
 .text          0x0000213a        0x0 c:/program files/bin/../lib/gcc/avr/4.3.3/avr5\libgcc.a(_clear_bss.o)
 .text          0x0000213a       0x58 c:/program files/bin/../lib/gcc/avr/4.3.3/avr5\libgcc.a(_fixunssfsi.o)
                0x0000213a                __fixunssfsi
 .text          0x00002192      0x354 c:/program files/bin/../lib/gcc/avr/4.3.3/avr5\libgcc.a(_addsub_sf.o)
                0x0000242a                __subsf3
                0x0000248c                __addsf3
 .text          0x000024e6      0x1f4 c:/program files/bin/../lib/gcc/avr/4.3.3/avr5\libgcc.a(_mul_sf.o)
                0x000024e6                __mulsf3
 .text          0x000026da       0x60 c:/program files/bin/../lib/gcc/avr/4.3.3/avr5\libgcc.a(_gt_sf.o)
                0x000026da                __gtsf2
 .text          0x0000273a       0x60 c:/program files/bin/../lib/gcc/avr/4.3.3/avr5\libgcc.a(_ge_sf.o)
                0x0000273a                __gesf2
 .text          0x0000279a       0x60 c:/program files/bin/../lib/gcc/avr/4.3.3/avr5\libgcc.a(_lt_sf.o)
                0x0000279a                __ltsf2
 .text          0x000027fa       0xbc c:/program files/bin/../lib/gcc/avr/4.3.3/avr5\libgcc.a(_si_to_sf.o)
                0x000027fa                __floatsisf
 .text          0x000028b6       0xa8 c:/program files/bin/../lib/gcc/avr/4.3.3/avr5\libgcc.a(_sf_to_si.o)
                0x000028b6                __fixsfsi
 .text          0x0000295e        0x0 c:/program files/bin/../lib/gcc/avr/4.3.3/avr5\libgcc.a(_thenan_sf.o)
 .text          0x0000295e        0x0 c:/program files/bin/../lib/gcc/avr/4.3.3/avr5\libgcc.a(_udivmodhi4.o)
 .text          0x0000295e        0x0 c:/program files/bin/../lib/gcc/avr/4.3.3/avr5\libgcc.a(_prologue.o)
 .text          0x0000295e        0x0 c:/program files/bin/../lib/gcc/avr/4.3.3/avr5\libgcc.a(_epilogue.o)
 .text          0x0000295e       0x9e c:/program files/bin/../lib/gcc/avr/4.3.3/avr5\libgcc.a(_clzsi2.o)
                0x0000295e                __clzsi2
 .text          0x000029fc      0x1aa c:/program files/bin/../lib/gcc/avr/4.3.3/avr5\libgcc.a(_pack_sf.o)
                0x000029fc                __pack_f
 .text          0x00002ba6       0xf0 c:/program files/bin/../lib/gcc/avr/4.3.3/avr5\libgcc.a(_unpack_sf.o)
                0x00002ba6                __unpack_f
 .text          0x00002c96       0xb2 c:/program files/bin/../lib/gcc/avr/4.3.3/avr5\libgcc.a(_fpcmp_parts_sf.o)
                0x00002c96                __fpcmp_parts_f
 .text          0x00002d48        0x0 c:/program files/bin/../lib/gcc/avr/4.3.3/avr5\libgcc.a(_clz.o)
                0x00002d48                . = ALIGN (0x2)
 *(.text.*)
 .text.libgcc   0x00002d48       0x26 c:/program files/bin/../lib/gcc/avr/4.3.3/avr5\libgcc.a(_divmodhi4.o)
                0x00002d48                __divmodhi4
                0x00002d48                _div
 .text.libgcc   0x00002d6e        0x0 c:/program files/bin/../lib/gcc/avr/4.3.3/avr5\libgcc.a(_exit.o)
 .text.libgcc   0x00002d6e        0x0 c:/program files/bin/../lib/gcc/avr/4.3.3/avr5\libgcc.a(_copy_data.o)
 .text.libgcc   0x00002d6e        0x0 c:/program files/bin/../lib/gcc/avr/4.3.3/avr5\libgcc.a(_clear_bss.o)
 .text.libgcc   0x00002d6e       0x28 c:/program files/bin/../lib/gcc/avr/4.3.3/avr5\libgcc.a(_udivmodhi4.o)
                0x00002d6e                __udivmodhi4
 .text.libgcc   0x00002d96       0x38 c:/program files/bin/../lib/gcc/avr/4.3.3/avr5\libgcc.a(_prologue.o)
                0x00002d96                __prologue_saves__
 .text.libgcc   0x00002dce       0x36 c:/program files/bin/../lib/gcc/avr/4.3.3/avr5\libgcc.a(_epilogue.o)
                0x00002dce                __epilogue_restores__
                0x00002e04                . = ALIGN (0x2)
 *(.fini9)
 .fini9         0x00002e04        0x0 c:/program files/bin/../lib/gcc/avr/4.3.3/avr5\libgcc.a(_exit.o)
                0x00002e04                exit
                0x00002e04                _exit
 *(.fini9)
 *(.fini8)
 *(.fini8)
 *(.fini7)
 *(.fini7)
 *(.fini6)
 *(.fini6)
 *(.fini5)
 *(.fini5)
 *(.fini4)
 *(.fini4)
 *(.fini3)
 *(.fini3)
 *(.fini2)
 *(.fini2)
 *(.fini1)
 *(.fini1)
 *(.fini0)
 .fini0         0x00002e04        0x4 c:/program files/bin/../lib/gcc/avr/4.3.3/avr5\libgcc.a(_exit.o)
 *(.fini0)
                0x00002e08                _etext = .

.data           0x00800060      0x13a load address 0x00002e08
                0x00800060                PROVIDE (__data_start, .)
 *(.data)
 .data          0x00800060        0x0 c:/program files/bin/../lib/gcc/avr/4.3.3/../../../../avr/lib/avr5/crtm32.o
 .data          0x00800060        0x0 Editor.o
 .data          0x00800060        0x0 GKeyboard.o
 .data          0x00800060        0x4 Hex_Edit.o
 .data          0x00800064        0x0 Interpreter.o
 .data          0x00800064       0x2e main.o
                0x00800070                test_prog
 .data          0x00800092        0x0 Nokia3310.o
 .data          0x00800092        0x0 Serial.o
 .data          0x00800092        0x0 VDIP.o
 .data          0x00800092        0x0 c:/program files/bin/../lib/gcc/avr/4.3.3/avr5\libgcc.a(_divmodhi4.o)
 .data          0x00800092        0x0 c:/program files/bin/../lib/gcc/avr/4.3.3/avr5\libgcc.a(_exit.o)
 .data          0x00800092        0x0 c:/program files/bin/../lib/gcc/avr/4.3.3/avr5\libgcc.a(_copy_data.o)
 .data          0x00800092        0x0 c:/program files/bin/../lib/gcc/avr/4.3.3/avr5\libgcc.a(_clear_bss.o)
 .data          0x00800092        0x0 c:/program files/bin/../lib/gcc/avr/4.3.3/avr5\libgcc.a(_fixunssfsi.o)
 .data          0x00800092        0x0 c:/program files/bin/../lib/gcc/avr/4.3.3/avr5\libgcc.a(_addsub_sf.o)
 .data          0x00800092        0x0 c:/program files/bin/../lib/gcc/avr/4.3.3/avr5\libgcc.a(_mul_sf.o)
 .data          0x00800092        0x0 c:/program files/bin/../lib/gcc/avr/4.3.3/avr5\libgcc.a(_gt_sf.o)
 .data          0x00800092        0x0 c:/program files/bin/../lib/gcc/avr/4.3.3/avr5\libgcc.a(_ge_sf.o)
 .data          0x00800092        0x0 c:/program files/bin/../lib/gcc/avr/4.3.3/avr5\libgcc.a(_lt_sf.o)
 .data          0x00800092        0x0 c:/program files/bin/../lib/gcc/avr/4.3.3/avr5\libgcc.a(_si_to_sf.o)
 .data          0x00800092        0x0 c:/program files/bin/../lib/gcc/avr/4.3.3/avr5\libgcc.a(_sf_to_si.o)
 .data          0x00800092        0x8 c:/program files/bin/../lib/gcc/avr/4.3.3/avr5\libgcc.a(_thenan_sf.o)
                0x00800092                __thenan_sf
 .data          0x0080009a        0x0 c:/program files/bin/../lib/gcc/avr/4.3.3/avr5\libgcc.a(_udivmodhi4.o)
 .data          0x0080009a        0x0 c:/program files/bin/../lib/gcc/avr/4.3.3/avr5\libgcc.a(_prologue.o)
 .data          0x0080009a        0x0 c:/program files/bin/../lib/gcc/avr/4.3.3/avr5\libgcc.a(_epilogue.o)
 .data          0x0080009a        0x0 c:/program files/bin/../lib/gcc/avr/4.3.3/avr5\libgcc.a(_clzsi2.o)
 .data          0x0080009a        0x0 c:/program files/bin/../lib/gcc/avr/4.3.3/avr5\libgcc.a(_pack_sf.o)
 .data          0x0080009a        0x0 c:/program files/bin/../lib/gcc/avr/4.3.3/avr5\libgcc.a(_unpack_sf.o)
 .data          0x0080009a        0x0 c:/program files/bin/../lib/gcc/avr/4.3.3/avr5\libgcc.a(_fpcmp_parts_sf.o)
 .data          0x0080009a      0x100 c:/program files/bin/../lib/gcc/avr/4.3.3/avr5\libgcc.a(_clz.o)
                0x0080009a                __clz_tab
 *(.data*)
 *(.rodata)
 *(.rodata*)
 *(.gnu.linkonce.d*)
                0x0080019a                . = ALIGN (0x2)
                0x0080019a                _edata = .
                0x0080019a                PROVIDE (__data_end, .)

.bss            0x0080019a      0x117
                0x0080019a                PROVIDE (__bss_start, .)
 *(.bss)
 .bss           0x0080019a        0x0 c:/program files/bin/../lib/gcc/avr/4.3.3/../../../../avr/lib/avr5/crtm32.o
 .bss           0x0080019a        0x0 Editor.o
 .bss           0x0080019a        0x0 GKeyboard.o
 .bss           0x0080019a        0x0 Hex_Edit.o
 .bss           0x0080019a        0x0 Interpreter.o
 .bss           0x0080019a        0x0 main.o
 .bss           0x0080019a        0x3 Nokia3310.o
                0x0080019a                cursorx
                0x0080019b                cursory
                0x0080019c                invert
 .bss           0x0080019d        0x0 Serial.o
 .bss           0x0080019d        0x0 VDIP.o
 .bss           0x0080019d        0x0 c:/program files/bin/../lib/gcc/avr/4.3.3/avr5\libgcc.a(_divmodhi4.o)
 .bss           0x0080019d        0x0 c:/program files/bin/../lib/gcc/avr/4.3.3/avr5\libgcc.a(_exit.o)
 .bss           0x0080019d        0x0 c:/program files/bin/../lib/gcc/avr/4.3.3/avr5\libgcc.a(_copy_data.o)
 .bss           0x0080019d        0x0 c:/program files/bin/../lib/gcc/avr/4.3.3/avr5\libgcc.a(_clear_bss.o)
 .bss           0x0080019d        0x0 c:/program files/bin/../lib/gcc/avr/4.3.3/avr5\libgcc.a(_fixunssfsi.o)
 .bss           0x0080019d        0x0 c:/program files/bin/../lib/gcc/avr/4.3.3/avr5\libgcc.a(_addsub_sf.o)
 .bss           0x0080019d        0x0 c:/program files/bin/../lib/gcc/avr/4.3.3/avr5\libgcc.a(_mul_sf.o)
 .bss           0x0080019d        0x0 c:/program files/bin/../lib/gcc/avr/4.3.3/avr5\libgcc.a(_gt_sf.o)
 .bss           0x0080019d        0x0 c:/program files/bin/../lib/gcc/avr/4.3.3/avr5\libgcc.a(_ge_sf.o)
 .bss           0x0080019d        0x0 c:/program files/bin/../lib/gcc/avr/4.3.3/avr5\libgcc.a(_lt_sf.o)
 .bss           0x0080019d        0x0 c:/program files/bin/../lib/gcc/avr/4.3.3/avr5\libgcc.a(_si_to_sf.o)
 .bss           0x0080019d        0x0 c:/program files/bin/../lib/gcc/avr/4.3.3/avr5\libgcc.a(_sf_to_si.o)
 .bss           0x0080019d        0x0 c:/program files/bin/../lib/gcc/avr/4.3.3/avr5\libgcc.a(_thenan_sf.o)
 .bss           0x0080019d        0x0 c:/program files/bin/../lib/gcc/avr/4.3.3/avr5\libgcc.a(_udivmodhi4.o)
 .bss           0x0080019d        0x0 c:/program files/bin/../lib/gcc/avr/4.3.3/avr5\libgcc.a(_prologue.o)
 .bss           0x0080019d        0x0 c:/program files/bin/../lib/gcc/avr/4.3.3/avr5\libgcc.a(_epilogue.o)
 .bss           0x0080019d        0x0 c:/program files/bin/../lib/gcc/avr/4.3.3/avr5\libgcc.a(_clzsi2.o)
 .bss           0x0080019d        0x0 c:/program files/bin/../lib/gcc/avr/4.3.3/avr5\libgcc.a(_pack_sf.o)
 .bss           0x0080019d        0x0 c:/program files/bin/../lib/gcc/avr/4.3.3/avr5\libgcc.a(_unpack_sf.o)
 .bss           0x0080019d        0x0 c:/program files/bin/../lib/gcc/avr/4.3.3/avr5\libgcc.a(_fpcmp_parts_sf.o)
 .bss           0x0080019d        0x0 c:/program files/bin/../lib/gcc/avr/4.3.3/avr5\libgcc.a(_clz.o)
 *(.bss*)
 *(COMMON)
 COMMON         0x0080019d        0x8 Hex_Edit.o
                0x0080019d                render_pos
                0x0080019f                position
                0x008001a1                length
                0x008001a3                mem
 COMMON         0x008001a5       0x34 Interpreter.o
                0x008001a5                variables
 COMMON         0x008001d9       0x60 main.o
                0x008001d9                program
                0x00800219                command
 COMMON         0x00800239       0x54 Nokia3310.o
                0x00800239                text_shadow
 COMMON         0x0080028d       0x24 Serial.o
                0x0080028d                buffer
                0x008002ad                write_ptr
                0x008002af                read_ptr
                0x008002b1                PROVIDE (__bss_end, .)
                0x00002e08                __data_load_start = LOADADDR (.data)
                0x00002f42                __data_load_end = (__data_load_start + SIZEOF (.data))

.noinit         0x008002b1        0x0
                0x008002b1                PROVIDE (__noinit_start, .)
 *(.noinit*)
                0x008002b1                PROVIDE (__noinit_end, .)
                0x008002b1                _end = .
                0x008002b1                PROVIDE (__heap_start, .)

.eeprom         0x00810000        0x0
 *(.eeprom*)
                0x00810000                __eeprom_end = .

.fuse
 *(.fuse)
 *(.lfuse)
 *(.hfuse)
 *(.efuse)

.lock
 *(.lock*)

.signature
 *(.signature*)

.stab
 *(.stab)

.stabstr
 *(.stabstr)

.stab.excl
 *(.stab.excl)

.stab.exclstr
 *(.stab.exclstr)

.stab.index
 *(.stab.index)

.stab.indexstr
 *(.stab.indexstr)

.comment
 *(.comment)

.debug
 *(.debug)

.line
 *(.line)

.debug_srcinfo
 *(.debug_srcinfo)

.debug_sfnames
 *(.debug_sfnames)

.debug_aranges  0x00000000      0x240
 *(.debug_aranges)
 .debug_aranges
                0x00000000       0x20 GKeyboard.o
 .debug_aranges
                0x00000020       0x20 Hex_Edit.o
 .debug_aranges
                0x00000040       0x20 Interpreter.o
 .debug_aranges
                0x00000060       0x20 main.o
 .debug_aranges
                0x00000080       0x20 Nokia3310.o
 .debug_aranges
                0x000000a0       0x20 Serial.o
 .debug_aranges
                0x000000c0       0x20 c:/program files/bin/../lib/gcc/avr/4.3.3/avr5\libgcc.a(_fixunssfsi.o)
 .debug_aranges
                0x000000e0       0x20 c:/program files/bin/../lib/gcc/avr/4.3.3/avr5\libgcc.a(_addsub_sf.o)
 .debug_aranges
                0x00000100       0x20 c:/program files/bin/../lib/gcc/avr/4.3.3/avr5\libgcc.a(_mul_sf.o)
 .debug_aranges
                0x00000120       0x20 c:/program files/bin/../lib/gcc/avr/4.3.3/avr5\libgcc.a(_gt_sf.o)
 .debug_aranges
                0x00000140       0x20 c:/program files/bin/../lib/gcc/avr/4.3.3/avr5\libgcc.a(_ge_sf.o)
 .debug_aranges
                0x00000160       0x20 c:/program files/bin/../lib/gcc/avr/4.3.3/avr5\libgcc.a(_lt_sf.o)
 .debug_aranges
                0x00000180       0x20 c:/program files/bin/../lib/gcc/avr/4.3.3/avr5\libgcc.a(_si_to_sf.o)
 .debug_aranges
                0x000001a0       0x20 c:/program files/bin/../lib/gcc/avr/4.3.3/avr5\libgcc.a(_sf_to_si.o)
 .debug_aranges
                0x000001c0       0x20 c:/program files/bin/../lib/gcc/avr/4.3.3/avr5\libgcc.a(_clzsi2.o)
 .debug_aranges
                0x000001e0       0x20 c:/program files/bin/../lib/gcc/avr/4.3.3/avr5\libgcc.a(_pack_sf.o)
 .debug_aranges
                0x00000200       0x20 c:/program files/bin/../lib/gcc/avr/4.3.3/avr5\libgcc.a(_unpack_sf.o)
 .debug_aranges
                0x00000220       0x20 c:/program files/bin/../lib/gcc/avr/4.3.3/avr5\libgcc.a(_fpcmp_parts_sf.o)

.debug_pubnames
                0x00000000      0x606
 *(.debug_pubnames)
 .debug_pubnames
                0x00000000       0x22 GKeyboard.o
 .debug_pubnames
                0x00000022       0x76 Hex_Edit.o
 .debug_pubnames
                0x00000098       0x4a Interpreter.o
 .debug_pubnames
                0x000000e2       0xbb main.o
 .debug_pubnames
                0x0000019d      0x1dd Nokia3310.o
 .debug_pubnames
                0x0000037a       0xbb Serial.o
 .debug_pubnames
                0x00000435       0x23 c:/program files/bin/../lib/gcc/avr/4.3.3/avr5\libgcc.a(_fixunssfsi.o)
 .debug_pubnames
                0x00000458       0x2c c:/program files/bin/../lib/gcc/avr/4.3.3/avr5\libgcc.a(_addsub_sf.o)
 .debug_pubnames
                0x00000484       0x1f c:/program files/bin/../lib/gcc/avr/4.3.3/avr5\libgcc.a(_mul_sf.o)
 .debug_pubnames
                0x000004a3       0x1e c:/program files/bin/../lib/gcc/avr/4.3.3/avr5\libgcc.a(_gt_sf.o)
 .debug_pubnames
                0x000004c1       0x1e c:/program files/bin/../lib/gcc/avr/4.3.3/avr5\libgcc.a(_ge_sf.o)
 .debug_pubnames
                0x000004df       0x1e c:/program files/bin/../lib/gcc/avr/4.3.3/avr5\libgcc.a(_lt_sf.o)
 .debug_pubnames
                0x000004fd       0x22 c:/program files/bin/../lib/gcc/avr/4.3.3/avr5\libgcc.a(_si_to_sf.o)
 .debug_pubnames
                0x0000051f       0x20 c:/program files/bin/../lib/gcc/avr/4.3.3/avr5\libgcc.a(_sf_to_si.o)
 .debug_pubnames
                0x0000053f       0x22 c:/program files/bin/../lib/gcc/avr/4.3.3/avr5\libgcc.a(_thenan_sf.o)
 .debug_pubnames
                0x00000561       0x1f c:/program files/bin/../lib/gcc/avr/4.3.3/avr5\libgcc.a(_clzsi2.o)
 .debug_pubnames
                0x00000580       0x1f c:/program files/bin/../lib/gcc/avr/4.3.3/avr5\libgcc.a(_pack_sf.o)
 .debug_pubnames
                0x0000059f       0x21 c:/program files/bin/../lib/gcc/avr/4.3.3/avr5\libgcc.a(_unpack_sf.o)
 .debug_pubnames
                0x000005c0       0x26 c:/program files/bin/../lib/gcc/avr/4.3.3/avr5\libgcc.a(_fpcmp_parts_sf.o)
 .debug_pubnames
                0x000005e6       0x20 c:/program files/bin/../lib/gcc/avr/4.3.3/avr5\libgcc.a(_clz.o)

.debug_info     0x00000000     0x3155
 *(.debug_info)
 .debug_info    0x00000000        0x0 Editor.o
 .debug_info    0x00000000       0x7d GKeyboard.o
 .debug_info    0x0000007d      0x19b Hex_Edit.o
 .debug_info    0x00000218      0x1df Interpreter.o
 .debug_info    0x000003f7      0x2f0 main.o
 .debug_info    0x000006e7      0x7fc Nokia3310.o
 .debug_info    0x00000ee3      0x204 Serial.o
 .debug_info    0x000010e7       0x5e VDIP.o
 .debug_info    0x00001145       0xb1 c:/program files/bin/../lib/gcc/avr/4.3.3/avr5\libgcc.a(_fixunssfsi.o)
 .debug_info    0x000011f6      0x47a c:/program files/bin/../lib/gcc/avr/4.3.3/avr5\libgcc.a(_addsub_sf.o)
 .debug_info    0x00001670      0x485 c:/program files/bin/../lib/gcc/avr/4.3.3/avr5\libgcc.a(_mul_sf.o)
 .debug_info    0x00001af5      0x27f c:/program files/bin/../lib/gcc/avr/4.3.3/avr5\libgcc.a(_gt_sf.o)
 .debug_info    0x00001d74      0x27f c:/program files/bin/../lib/gcc/avr/4.3.3/avr5\libgcc.a(_ge_sf.o)
 .debug_info    0x00001ff3      0x27f c:/program files/bin/../lib/gcc/avr/4.3.3/avr5\libgcc.a(_lt_sf.o)
 .debug_info    0x00002272      0x207 c:/program files/bin/../lib/gcc/avr/4.3.3/avr5\libgcc.a(_si_to_sf.o)
 .debug_info    0x00002479      0x2b0 c:/program files/bin/../lib/gcc/avr/4.3.3/avr5\libgcc.a(_sf_to_si.o)
 .debug_info    0x00002729      0x12c c:/program files/bin/../lib/gcc/avr/4.3.3/avr5\libgcc.a(_thenan_sf.o)
 .debug_info    0x00002855      0x117 c:/program files/bin/../lib/gcc/avr/4.3.3/avr5\libgcc.a(_clzsi2.o)
 .debug_info    0x0000296c      0x2df c:/program files/bin/../lib/gcc/avr/4.3.3/avr5\libgcc.a(_pack_sf.o)
 .debug_info    0x00002c4b      0x251 c:/program files/bin/../lib/gcc/avr/4.3.3/avr5\libgcc.a(_unpack_sf.o)
 .debug_info    0x00002e9c      0x210 c:/program files/bin/../lib/gcc/avr/4.3.3/avr5\libgcc.a(_fpcmp_parts_sf.o)
 .debug_info    0x000030ac       0xa9 c:/program files/bin/../lib/gcc/avr/4.3.3/avr5\libgcc.a(_clz.o)
 *(.gnu.linkonce.wi.*)

.debug_abbrev   0x00000000     0x187e
 *(.debug_abbrev)
 .debug_abbrev  0x00000000        0x1 Editor.o
 .debug_abbrev  0x00000001       0x41 GKeyboard.o
 .debug_abbrev  0x00000042       0xe5 Hex_Edit.o
 .debug_abbrev  0x00000127      0x155 Interpreter.o
 .debug_abbrev  0x0000027c      0x139 main.o
 .debug_abbrev  0x000003b5      0x20a Nokia3310.o
 .debug_abbrev  0x000005bf      0x134 Serial.o
 .debug_abbrev  0x000006f3       0x2a VDIP.o
 .debug_abbrev  0x0000071d       0x5d c:/program files/bin/../lib/gcc/avr/4.3.3/avr5\libgcc.a(_fixunssfsi.o)
 .debug_abbrev  0x0000077a      0x1ea c:/program files/bin/../lib/gcc/avr/4.3.3/avr5\libgcc.a(_addsub_sf.o)
 .debug_abbrev  0x00000964      0x21b c:/program files/bin/../lib/gcc/avr/4.3.3/avr5\libgcc.a(_mul_sf.o)
 .debug_abbrev  0x00000b7f      0x15a c:/program files/bin/../lib/gcc/avr/4.3.3/avr5\libgcc.a(_gt_sf.o)
 .debug_abbrev  0x00000cd9      0x15a c:/program files/bin/../lib/gcc/avr/4.3.3/avr5\libgcc.a(_ge_sf.o)
 .debug_abbrev  0x00000e33      0x15a c:/program files/bin/../lib/gcc/avr/4.3.3/avr5\libgcc.a(_lt_sf.o)
 .debug_abbrev  0x00000f8d      0x148 c:/program files/bin/../lib/gcc/avr/4.3.3/avr5\libgcc.a(_si_to_sf.o)
 .debug_abbrev  0x000010d5      0x17f c:/program files/bin/../lib/gcc/avr/4.3.3/avr5\libgcc.a(_sf_to_si.o)
 .debug_abbrev  0x00001254       0xad c:/program files/bin/../lib/gcc/avr/4.3.3/avr5\libgcc.a(_thenan_sf.o)
 .debug_abbrev  0x00001301       0xc4 c:/program files/bin/../lib/gcc/avr/4.3.3/avr5\libgcc.a(_clzsi2.o)
 .debug_abbrev  0x000013c5      0x1c0 c:/program files/bin/../lib/gcc/avr/4.3.3/avr5\libgcc.a(_pack_sf.o)
 .debug_abbrev  0x00001585      0x154 c:/program files/bin/../lib/gcc/avr/4.3.3/avr5\libgcc.a(_unpack_sf.o)
 .debug_abbrev  0x000016d9      0x13b c:/program files/bin/../lib/gcc/avr/4.3.3/avr5\libgcc.a(_fpcmp_parts_sf.o)
 .debug_abbrev  0x00001814       0x6a c:/program files/bin/../lib/gcc/avr/4.3.3/avr5\libgcc.a(_clz.o)

.debug_line     0x00000000     0x1f5c
 *(.debug_line)
 .debug_line    0x00000000       0x24 Editor.o
 .debug_line    0x00000024       0x75 GKeyboard.o
 .debug_line    0x00000099      0x21a Hex_Edit.o
 .debug_line    0x000002b3      0x2ed Interpreter.o
 .debug_line    0x000005a0      0x2a3 main.o
 .debug_line    0x00000843      0x512 Nokia3310.o
 .debug_line    0x00000d55      0x1c6 Serial.o
 .debug_line    0x00000f1b       0x3e VDIP.o
 .debug_line    0x00000f59       0xa7 c:/program files/bin/../lib/gcc/avr/4.3.3/avr5\libgcc.a(_fixunssfsi.o)
 .debug_line    0x00001000      0x2af c:/program files/bin/../lib/gcc/avr/4.3.3/avr5\libgcc.a(_addsub_sf.o)
 .debug_line    0x000012af      0x239 c:/program files/bin/../lib/gcc/avr/4.3.3/avr5\libgcc.a(_mul_sf.o)
 .debug_line    0x000014e8       0xd3 c:/program files/bin/../lib/gcc/avr/4.3.3/avr5\libgcc.a(_gt_sf.o)
 .debug_line    0x000015bb       0xd3 c:/program files/bin/../lib/gcc/avr/4.3.3/avr5\libgcc.a(_ge_sf.o)
 .debug_line    0x0000168e       0xd3 c:/program files/bin/../lib/gcc/avr/4.3.3/avr5\libgcc.a(_lt_sf.o)
 .debug_line    0x00001761      0x135 c:/program files/bin/../lib/gcc/avr/4.3.3/avr5\libgcc.a(_si_to_sf.o)
 .debug_line    0x00001896      0x109 c:/program files/bin/../lib/gcc/avr/4.3.3/avr5\libgcc.a(_sf_to_si.o)
 .debug_line    0x0000199f       0x90 c:/program files/bin/../lib/gcc/avr/4.3.3/avr5\libgcc.a(_thenan_sf.o)
 .debug_line    0x00001a2f       0xa5 c:/program files/bin/../lib/gcc/avr/4.3.3/avr5\libgcc.a(_clzsi2.o)
 .debug_line    0x00001ad4      0x18a c:/program files/bin/../lib/gcc/avr/4.3.3/avr5\libgcc.a(_pack_sf.o)
 .debug_line    0x00001c5e      0x14b c:/program files/bin/../lib/gcc/avr/4.3.3/avr5\libgcc.a(_unpack_sf.o)
 .debug_line    0x00001da9      0x137 c:/program files/bin/../lib/gcc/avr/4.3.3/avr5\libgcc.a(_fpcmp_parts_sf.o)
 .debug_line    0x00001ee0       0x7c c:/program files/bin/../lib/gcc/avr/4.3.3/avr5\libgcc.a(_clz.o)

.debug_frame    0x00000000      0x450
 *(.debug_frame)
 .debug_frame   0x00000000       0x20 GKeyboard.o
 .debug_frame   0x00000020       0x40 Hex_Edit.o
 .debug_frame   0x00000060       0x20 Interpreter.o
 .debug_frame   0x00000080       0x60 main.o
 .debug_frame   0x000000e0      0x140 Nokia3310.o
 .debug_frame   0x00000220       0x90 Serial.o
 .debug_frame   0x000002b0       0x20 c:/program files/bin/../lib/gcc/avr/4.3.3/avr5\libgcc.a(_fixunssfsi.o)
 .debug_frame   0x000002d0       0x40 c:/program files/bin/../lib/gcc/avr/4.3.3/avr5\libgcc.a(_addsub_sf.o)
 .debug_frame   0x00000310       0x20 c:/program files/bin/../lib/gcc/avr/4.3.3/avr5\libgcc.a(_mul_sf.o)
 .debug_frame   0x00000330       0x20 c:/program files/bin/../lib/gcc/avr/4.3.3/avr5\libgcc.a(_gt_sf.o)
 .debug_frame   0x00000350       0x20 c:/program files/bin/../lib/gcc/avr/4.3.3/avr5\libgcc.a(_ge_sf.o)
 .debug_frame   0x00000370       0x20 c:/program files/bin/../lib/gcc/avr/4.3.3/avr5\libgcc.a(_lt_sf.o)
 .debug_frame   0x00000390       0x20 c:/program files/bin/../lib/gcc/avr/4.3.3/avr5\libgcc.a(_si_to_sf.o)
 .debug_frame   0x000003b0       0x20 c:/program files/bin/../lib/gcc/avr/4.3.3/avr5\libgcc.a(_sf_to_si.o)
 .debug_frame   0x000003d0       0x20 c:/program files/bin/../lib/gcc/avr/4.3.3/avr5\libgcc.a(_clzsi2.o)
 .debug_frame   0x000003f0       0x20 c:/program files/bin/../lib/gcc/avr/4.3.3/avr5\libgcc.a(_pack_sf.o)
 .debug_frame   0x00000410       0x20 c:/program files/bin/../lib/gcc/avr/4.3.3/avr5\libgcc.a(_unpack_sf.o)
 .debug_frame   0x00000430       0x20 c:/program files/bin/../lib/gcc/avr/4.3.3/avr5\libgcc.a(_fpcmp_parts_sf.o)

.debug_str      0x00000000      0x674
 *(.debug_str)
 .debug_str     0x00000000       0x90 GKeyboard.o
                                 0xc9 (size before relaxing)
 .debug_str     0x00000090       0x57 Hex_Edit.o
                                0x108 (size before relaxing)
 .debug_str     0x000000e7       0x6f Interpreter.o
                                0x129 (size before relaxing)
 .debug_str     0x00000156       0xa4 main.o
                                0x173 (size before relaxing)
 .debug_str     0x000001fa      0x16b Nokia3310.o
                                0x293 (size before relaxing)
 .debug_str     0x00000365       0x8f Serial.o
                                0x14a (size before relaxing)
 .debug_str     0x000003f4        0x7 VDIP.o
                                 0xb3 (size before relaxing)
 .debug_str     0x000003fb       0x80 c:/program files/bin/../lib/gcc/avr/4.3.3/avr5\libgcc.a(_fixunssfsi.o)
                                 0xfe (size before relaxing)
 .debug_str     0x0000047b      0x14d c:/program files/bin/../lib/gcc/avr/4.3.3/avr5\libgcc.a(_addsub_sf.o)
                                0x206 (size before relaxing)
 .debug_str     0x000005c8       0x27 c:/program files/bin/../lib/gcc/avr/4.3.3/avr5\libgcc.a(_mul_sf.o)
                                0x1bf (size before relaxing)
 .debug_str     0x000005ef        0x8 c:/program files/bin/../lib/gcc/avr/4.3.3/avr5\libgcc.a(_gt_sf.o)
                                0x195 (size before relaxing)
 .debug_str     0x000005f7        0x8 c:/program files/bin/../lib/gcc/avr/4.3.3/avr5\libgcc.a(_ge_sf.o)
                                0x195 (size before relaxing)
 .debug_str     0x000005ff        0x8 c:/program files/bin/../lib/gcc/avr/4.3.3/avr5\libgcc.a(_lt_sf.o)
                                0x195 (size before relaxing)
 .debug_str     0x00000607       0x18 c:/program files/bin/../lib/gcc/avr/4.3.3/avr5\libgcc.a(_si_to_sf.o)
                                0x17b (size before relaxing)
 .debug_str     0x0000061f        0xa c:/program files/bin/../lib/gcc/avr/4.3.3/avr5\libgcc.a(_sf_to_si.o)
                                0x19e (size before relaxing)
 .debug_str     0x00000000      0x103 c:/program files/bin/../lib/gcc/avr/4.3.3/avr5\libgcc.a(_thenan_sf.o)
 .debug_str     0x00000629       0x20 c:/program files/bin/../lib/gcc/avr/4.3.3/avr5\libgcc.a(_clzsi2.o)
                                0x111 (size before relaxing)
 .debug_str     0x00000649       0x10 c:/program files/bin/../lib/gcc/avr/4.3.3/avr5\libgcc.a(_pack_sf.o)
                                0x19d (size before relaxing)
 .debug_str     0x00000659        0xb c:/program files/bin/../lib/gcc/avr/4.3.3/avr5\libgcc.a(_unpack_sf.o)
                                0x17f (size before relaxing)
 .debug_str     0x00000664       0x10 c:/program files/bin/../lib/gcc/avr/4.3.3/avr5\libgcc.a(_fpcmp_parts_sf.o)
                                0x163 (size before relaxing)
 .debug_str     0x00000000       0xf4 c:/program files/bin/../lib/gcc/avr/4.3.3/avr5\libgcc.a(_clz.o)

.debug_loc      0x00000000     0x120b
 *(.debug_loc)
 .debug_loc     0x00000000       0xad Hex_Edit.o
 .debug_loc     0x000000ad      0x320 Interpreter.o
 .debug_loc     0x000003cd      0x149 main.o
 .debug_loc     0x00000516      0x394 Nokia3310.o
 .debug_loc     0x000008aa       0x53 Serial.o
 .debug_loc     0x000008fd       0x34 c:/program files/bin/../lib/gcc/avr/4.3.3/avr5\libgcc.a(_fixunssfsi.o)
 .debug_loc     0x00000931      0x32a c:/program files/bin/../lib/gcc/avr/4.3.3/avr5\libgcc.a(_addsub_sf.o)
 .debug_loc     0x00000c5b      0x104 c:/program files/bin/../lib/gcc/avr/4.3.3/avr5\libgcc.a(_mul_sf.o)
 .debug_loc     0x00000d5f       0x3c c:/program files/bin/../lib/gcc/avr/4.3.3/avr5\libgcc.a(_gt_sf.o)
 .debug_loc     0x00000d9b       0x3c c:/program files/bin/../lib/gcc/avr/4.3.3/avr5\libgcc.a(_ge_sf.o)
 .debug_loc     0x00000dd7       0x3c c:/program files/bin/../lib/gcc/avr/4.3.3/avr5\libgcc.a(_lt_sf.o)
 .debug_loc     0x00000e13       0xac c:/program files/bin/../lib/gcc/avr/4.3.3/avr5\libgcc.a(_si_to_sf.o)
 .debug_loc     0x00000ebf       0x7e c:/program files/bin/../lib/gcc/avr/4.3.3/avr5\libgcc.a(_sf_to_si.o)
 .debug_loc     0x00000f3d       0x94 c:/program files/bin/../lib/gcc/avr/4.3.3/avr5\libgcc.a(_clzsi2.o)
 .debug_loc     0x00000fd1      0x13e c:/program files/bin/../lib/gcc/avr/4.3.3/avr5\libgcc.a(_pack_sf.o)
 .debug_loc     0x0000110f       0xac c:/program files/bin/../lib/gcc/avr/4.3.3/avr5\libgcc.a(_unpack_sf.o)
 .debug_loc     0x000011bb       0x50 c:/program files/bin/../lib/gcc/avr/4.3.3/avr5\libgcc.a(_fpcmp_parts_sf.o)

.debug_macinfo
 *(.debug_macinfo)
OUTPUT(OS05.out elf32-avr)
LOAD linker stubs

.debug_ranges   0x00000000       0x98
 .debug_ranges  0x00000000       0x48 Interpreter.o
 .debug_ranges  0x00000048       0x50 c:/program files/bin/../lib/gcc/avr/4.3.3/avr5\libgcc.a(_mul_sf.o)
